mode: set
github.com/rtwsvj/hukou/internal/output/output.go:45.27,48.29 3 1
github.com/rtwsvj/hukou/internal/output/output.go:48.29,51.21 3 1
github.com/rtwsvj/hukou/internal/output/output.go:51.21,53.4 1 1
github.com/rtwsvj/hukou/internal/output/output.go:54.3,54.26 1 1
github.com/rtwsvj/hukou/internal/output/output.go:54.26,56.4 1 1
github.com/rtwsvj/hukou/internal/output/output.go:58.2,65.3 1 1
github.com/rtwsvj/hukou/internal/output/output.go:69.45,74.2 4 1
github.com/rtwsvj/hukou/internal/output/output.go:79.46,84.29 4 1
github.com/rtwsvj/hukou/internal/output/output.go:84.29,88.17 4 1
github.com/rtwsvj/hukou/internal/output/output.go:88.17,90.4 1 1
github.com/rtwsvj/hukou/internal/output/output.go:91.3,92.41 2 1
github.com/rtwsvj/hukou/internal/output/output.go:92.41,94.4 1 0
github.com/rtwsvj/hukou/internal/output/output.go:95.3,104.4 1 1
github.com/rtwsvj/hukou/internal/output/output.go:106.2,106.35 1 1
github.com/rtwsvj/hukou/internal/output/output.go:106.35,108.3 1 0
github.com/rtwsvj/hukou/internal/output/output.go:111.2,113.27 2 1
github.com/rtwsvj/hukou/internal/output/output.go:113.27,115.3 1 1
github.com/rtwsvj/hukou/internal/output/output.go:116.2,119.32 2 1
github.com/rtwsvj/hukou/internal/output/output.go:119.32,121.36 2 1
github.com/rtwsvj/hukou/internal/output/output.go:121.36,123.4 1 1
github.com/rtwsvj/hukou/internal/output/output.go:124.3,126.27 3 1
github.com/rtwsvj/hukou/internal/output/output.go:126.27,128.4 1 1
github.com/rtwsvj/hukou/internal/output/output.go:129.3,129.62 1 1
github.com/rtwsvj/hukou/internal/output/output.go:131.2,131.12 1 1
github.com/rtwsvj/hukou/internal/output/output.go:136.39,137.12 1 1
github.com/rtwsvj/hukou/internal/output/output.go:137.12,139.3 1 0
github.com/rtwsvj/hukou/internal/output/output.go:140.2,140.17 1 1
github.com/rtwsvj/hukou/internal/output/output.go:140.17,142.3 1 1
github.com/rtwsvj/hukou/internal/output/output.go:143.2,143.12 1 1
github.com/rtwsvj/hukou/internal/output/output.go:143.12,146.3 1 0
github.com/rtwsvj/hukou/internal/output/output.go:147.2,148.45 2 1
github.com/rtwsvj/hukou/internal/output/output.go:151.51,152.19 1 1
github.com/rtwsvj/hukou/internal/output/output.go:152.19,154.3 1 0
github.com/rtwsvj/hukou/internal/output/output.go:155.2,155.24 1 1
github.com/rtwsvj/hukou/internal/output/output.go:155.24,157.3 1 0
github.com/rtwsvj/hukou/internal/output/output.go:159.2,160.17 2 1
github.com/rtwsvj/hukou/internal/output/output.go:160.17,162.24 2 1
github.com/rtwsvj/hukou/internal/output/output.go:162.24,163.9 1 1
github.com/rtwsvj/hukou/internal/output/output.go:165.3,165.12 1 1
github.com/rtwsvj/hukou/internal/output/output.go:167.2,167.14 1 1
github.com/rtwsvj/hukou/internal/provenance/asdf.go:15.38,15.64 1 1
github.com/rtwsvj/hukou/internal/provenance/asdf.go:17.38,17.55 1 1
github.com/rtwsvj/hukou/internal/provenance/asdf.go:19.44,21.23 2 1
github.com/rtwsvj/hukou/internal/provenance/asdf.go:21.23,24.3 2 1
github.com/rtwsvj/hukou/internal/provenance/asdf.go:25.2,25.12 1 1
github.com/rtwsvj/hukou/internal/provenance/asdf.go:28.58,29.35 1 1
github.com/rtwsvj/hukou/internal/provenance/asdf.go:29.35,30.23 1 1
github.com/rtwsvj/hukou/internal/provenance/asdf.go:30.23,32.10 2 1
github.com/rtwsvj/hukou/internal/provenance/asdf.go:32.10,34.24 2 1
github.com/rtwsvj/hukou/internal/provenance/asdf.go:34.24,42.6 1 1
github.com/rtwsvj/hukou/internal/provenance/asdf.go:45.3,45.45 1 1
github.com/rtwsvj/hukou/internal/provenance/asdf.go:45.45,52.4 1 0
github.com/rtwsvj/hukou/internal/provenance/asdf.go:54.2,54.12 1 1
github.com/rtwsvj/hukou/internal/provenance/brew.go:13.38,13.64 1 1
github.com/rtwsvj/hukou/internal/provenance/brew.go:15.38,15.55 1 1
github.com/rtwsvj/hukou/internal/provenance/brew.go:17.44,20.2 2 1
github.com/rtwsvj/hukou/internal/provenance/brew.go:22.58,24.35 1 1
github.com/rtwsvj/hukou/internal/provenance/brew.go:24.35,25.37 1 1
github.com/rtwsvj/hukou/internal/provenance/brew.go:25.37,27.52 2 1
github.com/rtwsvj/hukou/internal/provenance/brew.go:27.52,34.5 1 1
github.com/rtwsvj/hukou/internal/provenance/brew.go:39.2,39.35 1 1
github.com/rtwsvj/hukou/internal/provenance/brew.go:39.35,40.37 1 1
github.com/rtwsvj/hukou/internal/provenance/brew.go:40.37,43.11 3 1
github.com/rtwsvj/hukou/internal/provenance/brew.go:43.11,44.13 1 1
github.com/rtwsvj/hukou/internal/provenance/brew.go:46.4,47.22 2 1
github.com/rtwsvj/hukou/internal/provenance/brew.go:47.22,48.13 1 0
github.com/rtwsvj/hukou/internal/provenance/brew.go:50.4,55.5 1 1
github.com/rtwsvj/hukou/internal/provenance/brew.go:60.2,60.35 1 1
github.com/rtwsvj/hukou/internal/provenance/brew.go:60.35,61.37 1 1
github.com/rtwsvj/hukou/internal/provenance/brew.go:61.37,64.11 3 1
github.com/rtwsvj/hukou/internal/provenance/brew.go:64.11,65.13 1 1
github.com/rtwsvj/hukou/internal/provenance/brew.go:67.4,68.22 2 1
github.com/rtwsvj/hukou/internal/provenance/brew.go:68.22,69.13 1 0
github.com/rtwsvj/hukou/internal/provenance/brew.go:71.4,77.5 1 1
github.com/rtwsvj/hukou/internal/provenance/brew.go:80.2,80.12 1 1
github.com/rtwsvj/hukou/internal/provenance/bun.go:14.36,14.61 1 1
github.com/rtwsvj/hukou/internal/provenance/bun.go:16.37,16.53 1 1
github.com/rtwsvj/hukou/internal/provenance/bun.go:18.43,20.23 2 1
github.com/rtwsvj/hukou/internal/provenance/bun.go:20.23,22.3 1 1
github.com/rtwsvj/hukou/internal/provenance/bun.go:23.2,23.12 1 1
github.com/rtwsvj/hukou/internal/provenance/bun.go:26.57,27.17 1 1
github.com/rtwsvj/hukou/internal/provenance/bun.go:27.17,29.3 1 0
github.com/rtwsvj/hukou/internal/provenance/bun.go:30.2,30.35 1 1
github.com/rtwsvj/hukou/internal/provenance/bun.go:30.35,31.43 1 1
github.com/rtwsvj/hukou/internal/provenance/bun.go:31.43,32.12 1 1
github.com/rtwsvj/hukou/internal/provenance/bun.go:34.3,39.4 1 1
github.com/rtwsvj/hukou/internal/provenance/bun.go:41.2,41.12 1 1
github.com/rtwsvj/hukou/internal/provenance/cargo.go:30.40,30.67 1 1
github.com/rtwsvj/hukou/internal/provenance/cargo.go:32.39,32.57 1 1
github.com/rtwsvj/hukou/internal/provenance/cargo.go:34.45,37.18 3 1
github.com/rtwsvj/hukou/internal/provenance/cargo.go:37.18,39.3 1 0
github.com/rtwsvj/hukou/internal/provenance/cargo.go:40.2,42.16 3 1
github.com/rtwsvj/hukou/internal/provenance/cargo.go:42.16,43.25 1 1
github.com/rtwsvj/hukou/internal/provenance/cargo.go:43.25,45.4 1 1
github.com/rtwsvj/hukou/internal/provenance/cargo.go:46.3,46.13 1 0
github.com/rtwsvj/hukou/internal/provenance/cargo.go:48.2,49.52 2 1
github.com/rtwsvj/hukou/internal/provenance/cargo.go:49.52,51.3 1 0
github.com/rtwsvj/hukou/internal/provenance/cargo.go:52.2,52.42 1 1
github.com/rtwsvj/hukou/internal/provenance/cargo.go:52.42,54.36 2 1
github.com/rtwsvj/hukou/internal/provenance/cargo.go:54.36,55.17 1 1
github.com/rtwsvj/hukou/internal/provenance/cargo.go:55.17,57.5 1 1
github.com/rtwsvj/hukou/internal/provenance/cargo.go:60.2,60.12 1 1
github.com/rtwsvj/hukou/internal/provenance/cargo.go:63.59,64.17 1 1
github.com/rtwsvj/hukou/internal/provenance/cargo.go:64.17,66.3 1 0
github.com/rtwsvj/hukou/internal/provenance/cargo.go:67.2,68.35 2 1
github.com/rtwsvj/hukou/internal/provenance/cargo.go:68.35,69.26 1 1
github.com/rtwsvj/hukou/internal/provenance/cargo.go:69.26,71.9 2 1
github.com/rtwsvj/hukou/internal/provenance/cargo.go:74.2,74.17 1 1
github.com/rtwsvj/hukou/internal/provenance/cargo.go:74.17,76.3 1 1
github.com/rtwsvj/hukou/internal/provenance/cargo.go:77.2,77.62 1 1
github.com/rtwsvj/hukou/internal/provenance/cargo.go:77.62,86.3 1 1
github.com/rtwsvj/hukou/internal/provenance/cargo.go:87.2,87.27 1 0
github.com/rtwsvj/hukou/internal/provenance/cargo.go:87.27,89.3 1 0
github.com/rtwsvj/hukou/internal/provenance/cargo.go:90.2,95.3 1 0
github.com/rtwsvj/hukou/internal/provenance/cargo.go:98.48,101.83 3 1
github.com/rtwsvj/hukou/internal/provenance/cargo.go:101.83,104.3 2 1
github.com/rtwsvj/hukou/internal/provenance/cargo.go:105.2,106.21 2 1
github.com/rtwsvj/hukou/internal/provenance/cargo.go:106.21,108.3 1 1
github.com/rtwsvj/hukou/internal/provenance/cargo.go:109.2,109.21 1 1
github.com/rtwsvj/hukou/internal/provenance/cargo.go:109.21,111.3 1 1
github.com/rtwsvj/hukou/internal/provenance/cargo.go:112.2,112.12 1 1
github.com/rtwsvj/hukou/internal/provenance/composer.go:13.46,13.76 1 1
github.com/rtwsvj/hukou/internal/provenance/composer.go:15.42,15.63 1 1
github.com/rtwsvj/hukou/internal/provenance/composer.go:17.48,19.45 2 1
github.com/rtwsvj/hukou/internal/provenance/composer.go:19.45,21.3 1 0
github.com/rtwsvj/hukou/internal/provenance/composer.go:22.2,23.12 2 1
github.com/rtwsvj/hukou/internal/provenance/composer.go:26.62,27.29 1 1
github.com/rtwsvj/hukou/internal/provenance/composer.go:27.29,29.36 2 1
github.com/rtwsvj/hukou/internal/provenance/composer.go:29.36,30.69 1 1
github.com/rtwsvj/hukou/internal/provenance/composer.go:30.69,32.18 2 1
github.com/rtwsvj/hukou/internal/provenance/composer.go:32.18,34.6 1 0
github.com/rtwsvj/hukou/internal/provenance/composer.go:35.5,35.138 1 1
github.com/rtwsvj/hukou/internal/provenance/composer.go:39.2,39.12 1 1
github.com/rtwsvj/hukou/internal/provenance/composer.go:42.58,44.9 2 1
github.com/rtwsvj/hukou/internal/provenance/composer.go:44.9,46.3 1 0
github.com/rtwsvj/hukou/internal/provenance/composer.go:47.2,48.42 2 1
github.com/rtwsvj/hukou/internal/provenance/composer.go:48.42,50.3 1 1
github.com/rtwsvj/hukou/internal/provenance/composer.go:51.2,51.11 1 0
github.com/rtwsvj/hukou/internal/provenance/curl_installer.go:13.56,13.91 1 1
github.com/rtwsvj/hukou/internal/provenance/curl_installer.go:15.47,15.74 1 1
github.com/rtwsvj/hukou/internal/provenance/curl_installer.go:17.53,20.2 2 1
github.com/rtwsvj/hukou/internal/provenance/curl_installer.go:22.67,23.31 1 1
github.com/rtwsvj/hukou/internal/provenance/curl_installer.go:23.31,24.21 1 1
github.com/rtwsvj/hukou/internal/provenance/curl_installer.go:24.21,25.12 1 0
github.com/rtwsvj/hukou/internal/provenance/curl_installer.go:27.3,27.36 1 1
github.com/rtwsvj/hukou/internal/provenance/curl_installer.go:27.36,28.72 1 1
github.com/rtwsvj/hukou/internal/provenance/curl_installer.go:28.72,30.18 2 1
github.com/rtwsvj/hukou/internal/provenance/curl_installer.go:30.18,32.6 1 0
github.com/rtwsvj/hukou/internal/provenance/curl_installer.go:33.5,33.155 1 1
github.com/rtwsvj/hukou/internal/provenance/curl_installer.go:37.2,37.12 1 1
github.com/rtwsvj/hukou/internal/provenance/deno.go:13.38,13.64 1 1
github.com/rtwsvj/hukou/internal/provenance/deno.go:15.38,15.55 1 1
github.com/rtwsvj/hukou/internal/provenance/deno.go:17.44,18.24 1 1
github.com/rtwsvj/hukou/internal/provenance/deno.go:18.24,20.3 1 1
github.com/rtwsvj/hukou/internal/provenance/deno.go:21.2,21.12 1 1
github.com/rtwsvj/hukou/internal/provenance/deno.go:24.58,25.35 1 1
github.com/rtwsvj/hukou/internal/provenance/deno.go:25.35,26.41 1 1
github.com/rtwsvj/hukou/internal/provenance/deno.go:26.41,28.4 1 1
github.com/rtwsvj/hukou/internal/provenance/deno.go:30.2,30.12 1 1
github.com/rtwsvj/hukou/internal/provenance/dotnet.go:13.42,13.70 1 1
github.com/rtwsvj/hukou/internal/provenance/dotnet.go:15.40,15.59 1 1
github.com/rtwsvj/hukou/internal/provenance/dotnet.go:17.46,20.2 2 1
github.com/rtwsvj/hukou/internal/provenance/dotnet.go:22.60,23.35 1 1
github.com/rtwsvj/hukou/internal/provenance/dotnet.go:23.35,24.45 1 1
github.com/rtwsvj/hukou/internal/provenance/dotnet.go:24.45,26.4 1 1
github.com/rtwsvj/hukou/internal/provenance/dotnet.go:28.2,28.12 1 1
github.com/rtwsvj/hukou/internal/provenance/env.go:59.23,61.16 2 1
github.com/rtwsvj/hukou/internal/provenance/env.go:61.16,63.3 1 0
github.com/rtwsvj/hukou/internal/provenance/env.go:64.2,65.33 2 1
github.com/rtwsvj/hukou/internal/provenance/env.go:65.33,67.3 1 1
github.com/rtwsvj/hukou/internal/provenance/env.go:68.2,69.35 2 1
github.com/rtwsvj/hukou/internal/provenance/env.go:69.35,71.3 1 1
github.com/rtwsvj/hukou/internal/provenance/env.go:72.2,93.30 2 1
github.com/rtwsvj/hukou/internal/provenance/env.go:93.30,96.3 2 1
github.com/rtwsvj/hukou/internal/provenance/env.go:96.8,99.3 2 0
github.com/rtwsvj/hukou/internal/provenance/env.go:100.2,102.70 3 1
github.com/rtwsvj/hukou/internal/provenance/env.go:102.70,104.3 1 0
github.com/rtwsvj/hukou/internal/provenance/env.go:105.2,111.29 4 1
github.com/rtwsvj/hukou/internal/provenance/env.go:111.29,113.3 1 1
github.com/rtwsvj/hukou/internal/provenance/env.go:114.2,118.42 2 1
github.com/rtwsvj/hukou/internal/provenance/env.go:118.42,120.3 1 0
github.com/rtwsvj/hukou/internal/provenance/env.go:121.2,126.40 3 1
github.com/rtwsvj/hukou/internal/provenance/env.go:126.40,128.3 1 1
github.com/rtwsvj/hukou/internal/provenance/env.go:129.2,130.53 2 1
github.com/rtwsvj/hukou/internal/provenance/env.go:130.53,132.3 1 0
github.com/rtwsvj/hukou/internal/provenance/env.go:133.2,133.53 1 1
github.com/rtwsvj/hukou/internal/provenance/env.go:133.53,134.74 1 0
github.com/rtwsvj/hukou/internal/provenance/env.go:134.74,135.15 1 0
github.com/rtwsvj/hukou/internal/provenance/env.go:135.15,137.5 1 0
github.com/rtwsvj/hukou/internal/provenance/env.go:140.2,149.10 3 1
github.com/rtwsvj/hukou/internal/provenance/env.go:153.34,154.18 1 0
github.com/rtwsvj/hukou/internal/provenance/env.go:154.18,156.3 1 0
github.com/rtwsvj/hukou/internal/provenance/env.go:157.2,159.26 3 0
github.com/rtwsvj/hukou/internal/provenance/env.go:159.26,161.14 2 0
github.com/rtwsvj/hukou/internal/provenance/env.go:161.14,163.4 1 0
github.com/rtwsvj/hukou/internal/provenance/env.go:165.2,165.12 1 0
github.com/rtwsvj/hukou/internal/provenance/env.go:168.39,169.29 1 1
github.com/rtwsvj/hukou/internal/provenance/env.go:169.29,170.36 1 1
github.com/rtwsvj/hukou/internal/provenance/env.go:170.36,172.4 1 0
github.com/rtwsvj/hukou/internal/provenance/env.go:174.2,174.11 1 1
github.com/rtwsvj/hukou/internal/provenance/env.go:177.43,180.26 3 1
github.com/rtwsvj/hukou/internal/provenance/env.go:180.26,181.14 1 1
github.com/rtwsvj/hukou/internal/provenance/env.go:181.14,182.12 1 1
github.com/rtwsvj/hukou/internal/provenance/env.go:184.3,185.27 2 1
github.com/rtwsvj/hukou/internal/provenance/env.go:185.27,186.12 1 1
github.com/rtwsvj/hukou/internal/provenance/env.go:188.3,189.23 2 1
github.com/rtwsvj/hukou/internal/provenance/env.go:191.2,191.12 1 1
github.com/rtwsvj/hukou/internal/provenance/gem.go:14.36,14.61 1 1
github.com/rtwsvj/hukou/internal/provenance/gem.go:16.37,16.53 1 1
github.com/rtwsvj/hukou/internal/provenance/gem.go:18.43,22.2 3 1
github.com/rtwsvj/hukou/internal/provenance/gem.go:24.57,25.35 1 1
github.com/rtwsvj/hukou/internal/provenance/gem.go:25.35,26.30 1 1
github.com/rtwsvj/hukou/internal/provenance/gem.go:26.30,27.25 1 0
github.com/rtwsvj/hukou/internal/provenance/gem.go:27.25,29.5 1 0
github.com/rtwsvj/hukou/internal/provenance/gem.go:31.3,31.32 1 1
github.com/rtwsvj/hukou/internal/provenance/gem.go:31.32,33.11 2 1
github.com/rtwsvj/hukou/internal/provenance/gem.go:33.11,34.13 1 1
github.com/rtwsvj/hukou/internal/provenance/gem.go:36.4,37.44 2 1
github.com/rtwsvj/hukou/internal/provenance/gem.go:37.44,39.5 1 0
github.com/rtwsvj/hukou/internal/provenance/gem.go:40.4,40.45 1 1
github.com/rtwsvj/hukou/internal/provenance/gem.go:40.45,43.5 2 1
github.com/rtwsvj/hukou/internal/provenance/gem.go:46.2,46.12 1 1
github.com/rtwsvj/hukou/internal/provenance/go.go:13.34,13.58 1 1
github.com/rtwsvj/hukou/internal/provenance/go.go:15.36,15.51 1 1
github.com/rtwsvj/hukou/internal/provenance/go.go:17.42,20.2 2 1
github.com/rtwsvj/hukou/internal/provenance/go.go:22.56,23.17 1 1
github.com/rtwsvj/hukou/internal/provenance/go.go:23.17,24.36 1 1
github.com/rtwsvj/hukou/internal/provenance/go.go:24.36,25.27 1 1
github.com/rtwsvj/hukou/internal/provenance/go.go:25.27,26.45 1 1
github.com/rtwsvj/hukou/internal/provenance/go.go:26.45,29.6 2 0
github.com/rtwsvj/hukou/internal/provenance/go.go:30.5,35.6 1 1
github.com/rtwsvj/hukou/internal/provenance/go.go:39.2,39.35 1 1
github.com/rtwsvj/hukou/internal/provenance/go.go:39.35,40.43 1 1
github.com/rtwsvj/hukou/internal/provenance/go.go:40.43,42.4 1 0
github.com/rtwsvj/hukou/internal/provenance/go.go:44.2,44.12 1 1
github.com/rtwsvj/hukou/internal/provenance/go.go:47.77,49.9 2 1
github.com/rtwsvj/hukou/internal/provenance/go.go:49.9,51.3 1 1
github.com/rtwsvj/hukou/internal/provenance/go.go:52.2,53.15 2 0
github.com/rtwsvj/hukou/internal/provenance/go.go:53.15,55.3 1 0
github.com/rtwsvj/hukou/internal/provenance/go.go:56.2,63.3 1 0
github.com/rtwsvj/hukou/internal/provenance/gobin.go:29.59,31.16 2 1
github.com/rtwsvj/hukou/internal/provenance/gobin.go:31.16,33.3 1 1
github.com/rtwsvj/hukou/internal/provenance/gobin.go:34.2,34.48 1 0
github.com/rtwsvj/hukou/internal/provenance/gobin.go:34.48,36.3 1 0
github.com/rtwsvj/hukou/internal/provenance/gobin.go:37.2,43.18 3 0
github.com/rtwsvj/hukou/internal/provenance/gobin.go:50.50,51.17 1 1
github.com/rtwsvj/hukou/internal/provenance/gobin.go:51.17,53.3 1 0
github.com/rtwsvj/hukou/internal/provenance/gobin.go:54.2,54.18 1 1
github.com/rtwsvj/hukou/internal/provenance/gobin.go:54.18,56.3 1 1
github.com/rtwsvj/hukou/internal/provenance/gobin.go:57.2,57.16 1 1
github.com/rtwsvj/hukou/internal/provenance/gobin.go:57.16,59.3 1 1
github.com/rtwsvj/hukou/internal/provenance/gobin.go:60.2,60.11 1 0
github.com/rtwsvj/hukou/internal/provenance/gobin.go:73.49,75.2 1 0
github.com/rtwsvj/hukou/internal/provenance/gobin.go:84.55,86.2 1 0
github.com/rtwsvj/hukou/internal/provenance/gobin.go:92.65,93.42 1 0
github.com/rtwsvj/hukou/internal/provenance/gobin.go:93.42,95.3 1 0
github.com/rtwsvj/hukou/internal/provenance/gobin.go:96.2,96.39 1 0
github.com/rtwsvj/hukou/internal/provenance/helpers.go:10.42,12.2 1 1
github.com/rtwsvj/hukou/internal/provenance/helpers.go:14.55,15.32 1 1
github.com/rtwsvj/hukou/internal/provenance/helpers.go:15.32,17.3 1 0
github.com/rtwsvj/hukou/internal/provenance/helpers.go:18.2,20.34 3 1
github.com/rtwsvj/hukou/internal/provenance/helpers.go:20.34,22.3 1 1
github.com/rtwsvj/hukou/internal/provenance/helpers.go:23.2,24.62 2 1
github.com/rtwsvj/hukou/internal/provenance/helpers.go:24.62,26.3 1 0
github.com/rtwsvj/hukou/internal/provenance/helpers.go:27.2,27.18 1 1
github.com/rtwsvj/hukou/internal/provenance/helpers.go:30.39,31.29 1 1
github.com/rtwsvj/hukou/internal/provenance/helpers.go:31.29,33.3 1 0
github.com/rtwsvj/hukou/internal/provenance/helpers.go:34.2,34.66 1 1
github.com/rtwsvj/hukou/internal/provenance/helpers.go:37.37,38.29 1 1
github.com/rtwsvj/hukou/internal/provenance/helpers.go:38.29,40.3 1 0
github.com/rtwsvj/hukou/internal/provenance/helpers.go:41.2,43.26 3 1
github.com/rtwsvj/hukou/internal/provenance/helpers.go:43.26,44.26 1 1
github.com/rtwsvj/hukou/internal/provenance/helpers.go:44.26,46.4 1 1
github.com/rtwsvj/hukou/internal/provenance/helpers.go:48.2,48.12 1 1
github.com/rtwsvj/hukou/internal/provenance/helpers.go:51.44,53.21 2 1
github.com/rtwsvj/hukou/internal/provenance/helpers.go:53.21,55.3 1 0
github.com/rtwsvj/hukou/internal/provenance/helpers.go:56.2,56.24 1 1
github.com/rtwsvj/hukou/internal/provenance/helpers.go:56.24,58.3 1 0
github.com/rtwsvj/hukou/internal/provenance/helpers.go:59.2,59.57 1 1
github.com/rtwsvj/hukou/internal/provenance/helpers.go:59.57,61.3 1 0
github.com/rtwsvj/hukou/internal/provenance/helpers.go:62.2,62.17 1 1
github.com/rtwsvj/hukou/internal/provenance/helpers.go:65.59,67.9 2 1
github.com/rtwsvj/hukou/internal/provenance/helpers.go:67.9,69.3 1 1
github.com/rtwsvj/hukou/internal/provenance/helpers.go:70.2,70.32 1 1
github.com/rtwsvj/hukou/internal/provenance/helpers.go:73.55,75.36 2 1
github.com/rtwsvj/hukou/internal/provenance/helpers.go:75.36,76.26 1 1
github.com/rtwsvj/hukou/internal/provenance/helpers.go:76.26,77.12 1 1
github.com/rtwsvj/hukou/internal/provenance/helpers.go:79.3,81.36 3 1
github.com/rtwsvj/hukou/internal/provenance/helpers.go:81.36,82.51 1 0
github.com/rtwsvj/hukou/internal/provenance/helpers.go:82.51,85.5 2 0
github.com/rtwsvj/hukou/internal/provenance/helpers.go:86.4,86.50 1 0
github.com/rtwsvj/hukou/internal/provenance/helpers.go:88.3,88.50 1 1
github.com/rtwsvj/hukou/internal/provenance/helpers.go:88.50,90.4 1 1
github.com/rtwsvj/hukou/internal/provenance/helpers.go:91.3,91.17 1 0
github.com/rtwsvj/hukou/internal/provenance/helpers.go:93.2,93.15 1 0
github.com/rtwsvj/hukou/internal/provenance/helpers.go:96.50,97.35 1 1
github.com/rtwsvj/hukou/internal/provenance/helpers.go:97.35,98.35 1 1
github.com/rtwsvj/hukou/internal/provenance/helpers.go:98.35,99.12 1 1
github.com/rtwsvj/hukou/internal/provenance/helpers.go:101.3,102.41 2 1
github.com/rtwsvj/hukou/internal/provenance/helpers.go:102.41,104.4 1 1
github.com/rtwsvj/hukou/internal/provenance/helpers.go:106.2,106.14 1 0
github.com/rtwsvj/hukou/internal/provenance/helpers.go:109.58,110.16 1 1
github.com/rtwsvj/hukou/internal/provenance/helpers.go:110.16,112.3 1 1
github.com/rtwsvj/hukou/internal/provenance/helpers.go:113.2,113.17 1 0
github.com/rtwsvj/hukou/internal/provenance/krew.go:14.38,14.64 1 1
github.com/rtwsvj/hukou/internal/provenance/krew.go:16.38,16.55 1 1
github.com/rtwsvj/hukou/internal/provenance/krew.go:18.44,19.24 1 1
github.com/rtwsvj/hukou/internal/provenance/krew.go:19.24,21.3 1 1
github.com/rtwsvj/hukou/internal/provenance/krew.go:22.2,22.12 1 1
github.com/rtwsvj/hukou/internal/provenance/krew.go:25.58,26.35 1 1
github.com/rtwsvj/hukou/internal/provenance/krew.go:26.35,27.41 1 1
github.com/rtwsvj/hukou/internal/provenance/krew.go:27.41,30.4 2 1
github.com/rtwsvj/hukou/internal/provenance/krew.go:32.2,32.12 1 1
github.com/rtwsvj/hukou/internal/provenance/macports.go:11.46,11.76 1 1
github.com/rtwsvj/hukou/internal/provenance/macports.go:13.42,13.63 1 1
github.com/rtwsvj/hukou/internal/provenance/macports.go:15.48,18.2 2 1
github.com/rtwsvj/hukou/internal/provenance/macports.go:20.62,21.35 1 1
github.com/rtwsvj/hukou/internal/provenance/macports.go:21.35,22.45 1 1
github.com/rtwsvj/hukou/internal/provenance/macports.go:22.45,29.4 1 1
github.com/rtwsvj/hukou/internal/provenance/macports.go:31.2,31.12 1 1
github.com/rtwsvj/hukou/internal/provenance/mise.go:15.38,15.64 1 1
github.com/rtwsvj/hukou/internal/provenance/mise.go:17.38,17.55 1 1
github.com/rtwsvj/hukou/internal/provenance/mise.go:19.44,21.24 2 1
github.com/rtwsvj/hukou/internal/provenance/mise.go:21.24,24.3 2 1
github.com/rtwsvj/hukou/internal/provenance/mise.go:25.2,25.12 1 1
github.com/rtwsvj/hukou/internal/provenance/mise.go:28.58,29.35 1 1
github.com/rtwsvj/hukou/internal/provenance/mise.go:29.35,30.23 1 1
github.com/rtwsvj/hukou/internal/provenance/mise.go:30.23,32.10 2 1
github.com/rtwsvj/hukou/internal/provenance/mise.go:32.10,34.24 2 1
github.com/rtwsvj/hukou/internal/provenance/mise.go:34.24,42.6 1 1
github.com/rtwsvj/hukou/internal/provenance/mise.go:45.3,45.45 1 1
github.com/rtwsvj/hukou/internal/provenance/mise.go:45.45,52.4 1 0
github.com/rtwsvj/hukou/internal/provenance/mise.go:54.2,54.12 1 1
github.com/rtwsvj/hukou/internal/provenance/nix.go:13.36,13.61 1 1
github.com/rtwsvj/hukou/internal/provenance/nix.go:15.37,15.53 1 1
github.com/rtwsvj/hukou/internal/provenance/nix.go:17.43,20.2 2 1
github.com/rtwsvj/hukou/internal/provenance/nix.go:22.57,23.19 1 1
github.com/rtwsvj/hukou/internal/provenance/nix.go:23.19,25.3 1 0
github.com/rtwsvj/hukou/internal/provenance/nix.go:26.2,26.35 1 1
github.com/rtwsvj/hukou/internal/provenance/nix.go:26.35,28.10 2 1
github.com/rtwsvj/hukou/internal/provenance/nix.go:28.10,29.12 1 1
github.com/rtwsvj/hukou/internal/provenance/nix.go:31.3,32.22 2 1
github.com/rtwsvj/hukou/internal/provenance/nix.go:32.22,33.12 1 0
github.com/rtwsvj/hukou/internal/provenance/nix.go:35.3,36.77 2 1
github.com/rtwsvj/hukou/internal/provenance/nix.go:36.77,38.4 1 1
github.com/rtwsvj/hukou/internal/provenance/nix.go:39.3,46.4 2 1
github.com/rtwsvj/hukou/internal/provenance/nix.go:48.2,48.12 1 1
github.com/rtwsvj/hukou/internal/provenance/nix.go:51.45,52.30 1 1
github.com/rtwsvj/hukou/internal/provenance/nix.go:52.30,53.16 1 1
github.com/rtwsvj/hukou/internal/provenance/nix.go:53.16,55.4 1 1
github.com/rtwsvj/hukou/internal/provenance/nix.go:57.2,57.11 1 0
github.com/rtwsvj/hukou/internal/provenance/npm.go:13.36,13.61 1 1
github.com/rtwsvj/hukou/internal/provenance/npm.go:15.37,15.53 1 1
github.com/rtwsvj/hukou/internal/provenance/npm.go:17.43,19.47 2 1
github.com/rtwsvj/hukou/internal/provenance/npm.go:19.47,21.3 1 0
github.com/rtwsvj/hukou/internal/provenance/npm.go:22.2,23.12 2 1
github.com/rtwsvj/hukou/internal/provenance/npm.go:26.57,27.36 1 1
github.com/rtwsvj/hukou/internal/provenance/npm.go:27.36,30.36 3 1
github.com/rtwsvj/hukou/internal/provenance/npm.go:30.36,32.42 2 1
github.com/rtwsvj/hukou/internal/provenance/npm.go:32.42,33.13 1 1
github.com/rtwsvj/hukou/internal/provenance/npm.go:35.4,35.17 1 1
github.com/rtwsvj/hukou/internal/provenance/npm.go:35.17,37.5 1 0
github.com/rtwsvj/hukou/internal/provenance/npm.go:38.4,43.5 1 1
github.com/rtwsvj/hukou/internal/provenance/npm.go:46.2,46.12 1 1
github.com/rtwsvj/hukou/internal/provenance/pip_user.go:13.44,13.73 1 1
github.com/rtwsvj/hukou/internal/provenance/pip_user.go:15.41,15.62 1 1
github.com/rtwsvj/hukou/internal/provenance/pip_user.go:17.47,20.2 2 1
github.com/rtwsvj/hukou/internal/provenance/pip_user.go:22.61,23.18 1 1
github.com/rtwsvj/hukou/internal/provenance/pip_user.go:23.18,25.3 1 0
github.com/rtwsvj/hukou/internal/provenance/pip_user.go:26.2,26.35 1 1
github.com/rtwsvj/hukou/internal/provenance/pip_user.go:26.35,28.10 2 1
github.com/rtwsvj/hukou/internal/provenance/pip_user.go:28.10,29.12 1 1
github.com/rtwsvj/hukou/internal/provenance/pip_user.go:31.3,32.43 2 1
github.com/rtwsvj/hukou/internal/provenance/pip_user.go:32.43,40.4 1 1
github.com/rtwsvj/hukou/internal/provenance/pip_user.go:42.2,42.12 1 1
github.com/rtwsvj/hukou/internal/provenance/pipx.go:14.38,14.64 1 1
github.com/rtwsvj/hukou/internal/provenance/pipx.go:16.38,16.55 1 1
github.com/rtwsvj/hukou/internal/provenance/pipx.go:18.44,22.2 3 1
github.com/rtwsvj/hukou/internal/provenance/pipx.go:24.58,25.31 1 1
github.com/rtwsvj/hukou/internal/provenance/pipx.go:25.31,26.36 1 1
github.com/rtwsvj/hukou/internal/provenance/pipx.go:26.36,28.11 2 1
github.com/rtwsvj/hukou/internal/provenance/pipx.go:28.11,29.13 1 1
github.com/rtwsvj/hukou/internal/provenance/pipx.go:31.4,32.44 2 1
github.com/rtwsvj/hukou/internal/provenance/pipx.go:32.44,39.5 1 1
github.com/rtwsvj/hukou/internal/provenance/pipx.go:42.2,42.12 1 1
github.com/rtwsvj/hukou/internal/provenance/pnpm.go:13.38,13.64 1 1
github.com/rtwsvj/hukou/internal/provenance/pnpm.go:15.38,15.55 1 1
github.com/rtwsvj/hukou/internal/provenance/pnpm.go:17.44,20.2 2 1
github.com/rtwsvj/hukou/internal/provenance/pnpm.go:22.58,23.18 1 1
github.com/rtwsvj/hukou/internal/provenance/pnpm.go:23.18,25.3 1 0
github.com/rtwsvj/hukou/internal/provenance/pnpm.go:26.2,26.35 1 1
github.com/rtwsvj/hukou/internal/provenance/pnpm.go:26.35,27.44 1 1
github.com/rtwsvj/hukou/internal/provenance/pnpm.go:27.44,28.12 1 1
github.com/rtwsvj/hukou/internal/provenance/pnpm.go:30.3,31.16 2 1
github.com/rtwsvj/hukou/internal/provenance/pnpm.go:31.16,33.4 1 0
github.com/rtwsvj/hukou/internal/provenance/pnpm.go:34.3,40.4 1 1
github.com/rtwsvj/hukou/internal/provenance/pnpm.go:42.2,42.12 1 1
github.com/rtwsvj/hukou/internal/provenance/runner.go:16.47,18.2 1 1
github.com/rtwsvj/hukou/internal/provenance/runner.go:21.30,48.2 1 1
github.com/rtwsvj/hukou/internal/provenance/runner.go:51.38,52.32 1 1
github.com/rtwsvj/hukou/internal/provenance/runner.go:52.32,53.37 1 1
github.com/rtwsvj/hukou/internal/provenance/runner.go:53.37,55.4 1 0
github.com/rtwsvj/hukou/internal/provenance/runner.go:57.2,57.12 1 1
github.com/rtwsvj/hukou/internal/provenance/runner.go:61.52,62.32 1 1
github.com/rtwsvj/hukou/internal/provenance/runner.go:62.32,63.32 1 1
github.com/rtwsvj/hukou/internal/provenance/runner.go:63.32,65.4 1 1
github.com/rtwsvj/hukou/internal/provenance/runner.go:67.2,67.12 1 0
github.com/rtwsvj/hukou/internal/provenance/runner.go:71.41,73.2 1 1
github.com/rtwsvj/hukou/internal/provenance/rustup.go:14.42,14.70 1 1
github.com/rtwsvj/hukou/internal/provenance/rustup.go:16.40,16.59 1 1
github.com/rtwsvj/hukou/internal/provenance/rustup.go:18.46,19.26 1 1
github.com/rtwsvj/hukou/internal/provenance/rustup.go:19.26,21.3 1 1
github.com/rtwsvj/hukou/internal/provenance/rustup.go:22.2,22.25 1 1
github.com/rtwsvj/hukou/internal/provenance/rustup.go:22.25,24.3 1 1
github.com/rtwsvj/hukou/internal/provenance/rustup.go:25.2,25.12 1 1
github.com/rtwsvj/hukou/internal/provenance/rustup.go:28.60,29.24 1 1
github.com/rtwsvj/hukou/internal/provenance/rustup.go:29.24,30.36 1 1
github.com/rtwsvj/hukou/internal/provenance/rustup.go:30.36,32.11 2 1
github.com/rtwsvj/hukou/internal/provenance/rustup.go:32.11,33.13 1 1
github.com/rtwsvj/hukou/internal/provenance/rustup.go:35.4,36.44 2 1
github.com/rtwsvj/hukou/internal/provenance/rustup.go:36.44,44.5 1 1
github.com/rtwsvj/hukou/internal/provenance/rustup.go:47.2,47.47 1 1
github.com/rtwsvj/hukou/internal/provenance/rustup.go:47.47,48.36 1 0
github.com/rtwsvj/hukou/internal/provenance/rustup.go:48.36,49.32 1 0
github.com/rtwsvj/hukou/internal/provenance/rustup.go:49.32,56.5 1 0
github.com/rtwsvj/hukou/internal/provenance/rustup.go:59.2,59.12 1 1
github.com/rtwsvj/hukou/internal/provenance/rustup.go:62.38,63.14 1 1
github.com/rtwsvj/hukou/internal/provenance/rustup.go:64.188,65.14 1 0
github.com/rtwsvj/hukou/internal/provenance/rustup.go:66.10,67.15 1 1
github.com/rtwsvj/hukou/internal/provenance/system.go:16.42,18.2 1 1
github.com/rtwsvj/hukou/internal/provenance/system.go:20.40,20.59 1 1
github.com/rtwsvj/hukou/internal/provenance/system.go:22.46,33.24 2 1
github.com/rtwsvj/hukou/internal/provenance/system.go:33.24,35.3 1 1
github.com/rtwsvj/hukou/internal/provenance/system.go:35.8,37.3 1 0
github.com/rtwsvj/hukou/internal/provenance/system.go:38.2,38.12 1 1
github.com/rtwsvj/hukou/internal/provenance/system.go:41.60,43.31 2 1
github.com/rtwsvj/hukou/internal/provenance/system.go:43.31,44.14 1 1
github.com/rtwsvj/hukou/internal/provenance/system.go:44.14,45.12 1 0
github.com/rtwsvj/hukou/internal/provenance/system.go:48.3,49.37 2 1
github.com/rtwsvj/hukou/internal/provenance/system.go:49.37,50.32 1 1
github.com/rtwsvj/hukou/internal/provenance/system.go:50.32,57.5 1 1
github.com/rtwsvj/hukou/internal/provenance/system.go:60.2,60.12 1 1
github.com/rtwsvj/hukou/internal/provenance/system.go:65.46,67.20 2 1
github.com/rtwsvj/hukou/internal/provenance/system.go:67.20,69.3 1 0
github.com/rtwsvj/hukou/internal/provenance/system.go:71.2,71.64 1 1
github.com/rtwsvj/hukou/internal/provenance/system.go:71.64,73.3 1 1
github.com/rtwsvj/hukou/internal/provenance/system.go:74.2,74.14 1 1
github.com/rtwsvj/hukou/internal/provenance/unknown.go:9.44,11.2 1 1
github.com/rtwsvj/hukou/internal/provenance/unknown.go:13.41,13.61 1 1
github.com/rtwsvj/hukou/internal/provenance/unknown.go:15.47,15.61 1 1
github.com/rtwsvj/hukou/internal/provenance/unknown.go:17.61,19.22 2 1
github.com/rtwsvj/hukou/internal/provenance/unknown.go:19.22,21.3 1 1
github.com/rtwsvj/hukou/internal/provenance/unknown.go:21.8,21.25 1 0
github.com/rtwsvj/hukou/internal/provenance/unknown.go:21.25,23.3 1 0
github.com/rtwsvj/hukou/internal/provenance/unknown.go:24.2,29.3 1 1
github.com/rtwsvj/hukou/internal/provenance/uv.go:14.34,14.58 1 1
github.com/rtwsvj/hukou/internal/provenance/uv.go:16.36,16.51 1 1
github.com/rtwsvj/hukou/internal/provenance/uv.go:18.42,22.2 3 1
github.com/rtwsvj/hukou/internal/provenance/uv.go:24.56,25.19 1 1
github.com/rtwsvj/hukou/internal/provenance/uv.go:25.19,27.3 1 0
github.com/rtwsvj/hukou/internal/provenance/uv.go:28.2,28.35 1 1
github.com/rtwsvj/hukou/internal/provenance/uv.go:28.35,30.10 2 1
github.com/rtwsvj/hukou/internal/provenance/uv.go:30.10,31.12 1 1
github.com/rtwsvj/hukou/internal/provenance/uv.go:33.3,34.43 2 1
github.com/rtwsvj/hukou/internal/provenance/uv.go:34.43,41.4 1 1
github.com/rtwsvj/hukou/internal/provenance/uv.go:43.2,43.12 1 1
github.com/rtwsvj/hukou/internal/provenance/volta.go:13.40,13.67 1 1
github.com/rtwsvj/hukou/internal/provenance/volta.go:15.39,15.57 1 1
github.com/rtwsvj/hukou/internal/provenance/volta.go:17.45,18.25 1 1
github.com/rtwsvj/hukou/internal/provenance/volta.go:18.25,20.3 1 1
github.com/rtwsvj/hukou/internal/provenance/volta.go:21.2,21.12 1 1
github.com/rtwsvj/hukou/internal/provenance/volta.go:24.59,25.35 1 1
github.com/rtwsvj/hukou/internal/provenance/volta.go:25.35,26.41 1 1
github.com/rtwsvj/hukou/internal/provenance/volta.go:26.41,28.4 1 1
github.com/rtwsvj/hukou/internal/provenance/volta.go:30.2,30.12 1 1
github.com/rtwsvj/hukou/internal/provenance/yarn.go:13.38,13.64 1 1
github.com/rtwsvj/hukou/internal/provenance/yarn.go:15.38,15.55 1 1
github.com/rtwsvj/hukou/internal/provenance/yarn.go:17.44,20.2 2 1
github.com/rtwsvj/hukou/internal/provenance/yarn.go:22.58,23.17 1 1
github.com/rtwsvj/hukou/internal/provenance/yarn.go:23.17,25.3 1 0
github.com/rtwsvj/hukou/internal/provenance/yarn.go:26.2,26.35 1 1
github.com/rtwsvj/hukou/internal/provenance/yarn.go:26.35,27.43 1 1
github.com/rtwsvj/hukou/internal/provenance/yarn.go:27.43,28.12 1 1
github.com/rtwsvj/hukou/internal/provenance/yarn.go:30.3,35.4 1 1
github.com/rtwsvj/hukou/internal/provenance/yarn.go:37.2,37.12 1 1
github.com/rtwsvj/hukou/internal/scan/kind.go:31.47,33.16 2 1
github.com/rtwsvj/hukou/internal/scan/kind.go:33.16,35.3 1 1
github.com/rtwsvj/hukou/internal/scan/kind.go:36.2,40.63 4 1
github.com/rtwsvj/hukou/internal/scan/kind.go:40.63,42.3 1 0
github.com/rtwsvj/hukou/internal/scan/kind.go:43.2,43.11 1 1
github.com/rtwsvj/hukou/internal/scan/kind.go:43.11,45.3 1 0
github.com/rtwsvj/hukou/internal/scan/kind.go:48.2,48.46 1 1
github.com/rtwsvj/hukou/internal/scan/kind.go:48.46,50.3 1 1
github.com/rtwsvj/hukou/internal/scan/kind.go:52.2,52.11 1 1
github.com/rtwsvj/hukou/internal/scan/kind.go:52.11,54.3 1 0
github.com/rtwsvj/hukou/internal/scan/kind.go:57.2,57.94 1 1
github.com/rtwsvj/hukou/internal/scan/kind.go:57.94,59.3 1 1
github.com/rtwsvj/hukou/internal/scan/kind.go:62.2,64.50 3 1
github.com/rtwsvj/hukou/internal/scan/kind.go:64.50,66.3 1 1
github.com/rtwsvj/hukou/internal/scan/kind.go:68.2,68.48 1 1
github.com/rtwsvj/hukou/internal/scan/kind.go:68.48,70.3 1 1
github.com/rtwsvj/hukou/internal/scan/kind.go:72.2,72.23 1 1
github.com/rtwsvj/hukou/internal/scan/kind.go:79.67,82.63 3 1
github.com/rtwsvj/hukou/internal/scan/kind.go:82.63,84.3 1 0
github.com/rtwsvj/hukou/internal/scan/kind.go:85.2,85.11 1 1
github.com/rtwsvj/hukou/internal/scan/kind.go:85.11,88.3 1 0
github.com/rtwsvj/hukou/internal/scan/kind.go:89.2,90.12 2 1
github.com/rtwsvj/hukou/internal/scan/kind.go:91.38,92.45 1 1
github.com/rtwsvj/hukou/internal/scan/kind.go:93.46,95.48 1 1
github.com/rtwsvj/hukou/internal/scan/kind.go:96.10,98.45 1 0
github.com/rtwsvj/hukou/internal/scan/kind.go:100.2,100.34 1 1
github.com/rtwsvj/hukou/internal/scan/kind.go:100.34,102.3 1 1
github.com/rtwsvj/hukou/internal/scan/kind.go:103.2,103.23 1 1
github.com/rtwsvj/hukou/internal/scan/kind.go:106.38,107.11 1 1
github.com/rtwsvj/hukou/internal/scan/kind.go:109.38,110.14 1 1
github.com/rtwsvj/hukou/internal/scan/kind.go:111.10,112.15 1 1
github.com/rtwsvj/hukou/internal/scan/kind.go:116.37,117.11 1 1
github.com/rtwsvj/hukou/internal/scan/kind.go:119.42,120.14 1 1
github.com/rtwsvj/hukou/internal/scan/kind.go:121.10,122.15 1 1
github.com/rtwsvj/hukou/internal/scan/kind.go:126.34,128.2 1 0
github.com/rtwsvj/hukou/internal/scan/walk.go:21.41,24.2 2 1
github.com/rtwsvj/hukou/internal/scan/walk.go:29.79,30.19 1 1
github.com/rtwsvj/hukou/internal/scan/walk.go:30.19,32.3 1 1
github.com/rtwsvj/hukou/internal/scan/walk.go:33.2,35.26 3 1
github.com/rtwsvj/hukou/internal/scan/walk.go:35.26,37.14 2 1
github.com/rtwsvj/hukou/internal/scan/walk.go:37.14,40.12 2 1
github.com/rtwsvj/hukou/internal/scan/walk.go:42.3,42.25 1 1
github.com/rtwsvj/hukou/internal/scan/walk.go:42.25,43.47 1 1
github.com/rtwsvj/hukou/internal/scan/walk.go:43.47,45.5 1 1
github.com/rtwsvj/hukou/internal/scan/walk.go:47.3,47.23 1 1
github.com/rtwsvj/hukou/internal/scan/walk.go:49.2,49.22 1 1
github.com/rtwsvj/hukou/internal/scan/walk.go:60.43,65.27 4 1
github.com/rtwsvj/hukou/internal/scan/walk.go:65.27,66.16 1 1
github.com/rtwsvj/hukou/internal/scan/walk.go:66.16,67.12 1 0
github.com/rtwsvj/hukou/internal/scan/walk.go:70.3,70.27 1 1
github.com/rtwsvj/hukou/internal/scan/walk.go:70.27,71.49 1 1
github.com/rtwsvj/hukou/internal/scan/walk.go:71.49,73.5 1 1
github.com/rtwsvj/hukou/internal/scan/walk.go:77.3,77.60 1 1
github.com/rtwsvj/hukou/internal/scan/walk.go:77.60,79.12 2 1
github.com/rtwsvj/hukou/internal/scan/walk.go:81.3,82.17 2 1
github.com/rtwsvj/hukou/internal/scan/walk.go:82.17,84.4 1 1
github.com/rtwsvj/hukou/internal/scan/walk.go:86.3,87.17 2 1
github.com/rtwsvj/hukou/internal/scan/walk.go:87.17,92.12 5 0
github.com/rtwsvj/hukou/internal/scan/walk.go:94.3,94.31 1 1
github.com/rtwsvj/hukou/internal/scan/walk.go:94.31,96.19 1 1
github.com/rtwsvj/hukou/internal/scan/walk.go:96.19,97.13 1 0
github.com/rtwsvj/hukou/internal/scan/walk.go:99.4,104.18 4 1
github.com/rtwsvj/hukou/internal/scan/walk.go:104.18,107.13 3 0
github.com/rtwsvj/hukou/internal/scan/walk.go:109.4,109.20 1 1
github.com/rtwsvj/hukou/internal/scan/walk.go:109.20,110.13 1 0
github.com/rtwsvj/hukou/internal/scan/walk.go:113.4,113.30 1 1
github.com/rtwsvj/hukou/internal/scan/walk.go:113.30,114.13 1 1
github.com/rtwsvj/hukou/internal/scan/walk.go:118.4,118.32 1 1
github.com/rtwsvj/hukou/internal/scan/walk.go:118.32,123.13 5 1
github.com/rtwsvj/hukou/internal/scan/walk.go:126.4,128.18 3 1
github.com/rtwsvj/hukou/internal/scan/walk.go:128.18,133.5 2 1
github.com/rtwsvj/hukou/internal/scan/walk.go:135.4,136.18 2 1
github.com/rtwsvj/hukou/internal/scan/walk.go:136.18,138.5 1 0
github.com/rtwsvj/hukou/internal/scan/walk.go:140.4,141.17 2 1
github.com/rtwsvj/hukou/internal/scan/walk.go:141.17,143.5 1 1
github.com/rtwsvj/hukou/internal/scan/walk.go:145.4,152.6 1 1
github.com/rtwsvj/hukou/internal/scan/walk.go:155.2,155.17 1 1
github.com/rtwsvj/hukou/internal/scan/walk.go:164.51,166.16 2 1
github.com/rtwsvj/hukou/internal/scan/walk.go:166.16,168.3 1 0
github.com/rtwsvj/hukou/internal/scan/walk.go:169.2,170.16 2 1
github.com/rtwsvj/hukou/internal/scan/walk.go:170.16,172.17 2 0
github.com/rtwsvj/hukou/internal/scan/walk.go:172.17,174.4 1 0
github.com/rtwsvj/hukou/internal/scan/walk.go:175.3,175.33 1 0
github.com/rtwsvj/hukou/internal/scan/walk.go:177.2,177.57 1 1
github.com/rtwsvj/hukou/internal/scan/walk.go:180.70,182.16 2 1
github.com/rtwsvj/hukou/internal/scan/walk.go:182.16,184.3 1 0
github.com/rtwsvj/hukou/internal/scan/walk.go:185.2,185.31 1 1
github.com/rtwsvj/hukou/internal/scan/walk.go:185.31,186.35 1 1
github.com/rtwsvj/hukou/internal/scan/walk.go:186.35,188.4 1 1
github.com/rtwsvj/hukou/internal/scan/walk.go:189.3,189.76 1 1
github.com/rtwsvj/hukou/internal/scan/walk.go:189.76,191.4 1 1
github.com/rtwsvj/hukou/internal/scan/walk.go:193.2,193.18 1 1
github.com/rtwsvj/hukou/internal/scan/walk.go:197.42,199.2 1 1
